2026-09-25 09:15:21 INFO Application started
2026-09-25 09:16:00 DEBUG Loading configuration
2026-09-25 09:17:12 WARNING Database response time exceeded 2 seconds
2026-09-25 09:18:45 ERROR Database connection failed
2026-09-25 09:20:33 ERROR File not found: configuration.json
2026-09-25 09:21:04 INFO Retrying connection
2026-09-25 09:22:18 INFO Connection restored
2026-09-25 09:23:07 DEBUG Cache refreshed
2026-09-25 09:24:11 WARNING Disk usage above 80 percent
2026-09-25 09:25:29 INFO User login successful
2026-09-25 09:26:41 DEBUG Request payload validated
2026-09-25 09:27:55 ERROR Payment gateway timeout
2026-09-25 09:28:14 INFO Retry queued
2026-09-25 09:29:34 INFO Report generated
2026-09-25 09:30:05 DEBUG Cleanup started
2026-09-25 09:31:10 WARNING Email queue delayed
2026-09-25 09:32:21 INFO Email queue recovered
2026-09-25 09:33:32 ERROR Invalid customer record
2026-09-25 09:34:43 DEBUG Metrics exported
2026-09-25 09:35:54 INFO Backup started
2026-09-25 09:36:12 INFO Backup completed
2026-09-25 09:37:26 WARNING Slow API response
2026-09-25 09:38:38 ERROR API returned 503
2026-09-25 09:39:49 INFO Health check passed
2026-09-25 09:40:51 DEBUG Scheduled task completed
2026-09-25 09:41:03 INFO Application stopping
2026-09-25 09:41:10 INFO Application stopped
invalid record without expected fields
2026-99-99 12:00:00 INFO Invalid date
2026-09-25 12:00:00 TRACE Unknown level
